#-----------------------------------------------------------
# Vivado v2019.1 (64-bit)
# SW Build 2552052 on Fri May 24 14:49:42 MDT 2019
# IP Build 2548770 on Fri May 24 18:01:18 MDT 2019
# Start of session at: Wed Aug  3 22:21:14 2022
# Process ID: 2036
# Current directory: C:/Users/kingpc/Desktop/Project/Verilog--Vending machine/Å—ÊéÂ/New folder/Gate_Level_FSM
# Command line: vivado.exe -gui_launcher_event rodinguilauncherevent10252 C:\Users\kingpc\Desktop\Project\Verilog--Vending machine\Å—ÊéÂ\New folder\Gate_Level_FSM\Gate_Level_FSM_Test_isim_beh.wdb
# Log file: C:/Users/kingpc/Desktop/Project/Verilog--Vending machine/Å—ÊéÂ/New folder/Gate_Level_FSM/vivado.log
# Journal file: C:/Users/kingpc/Desktop/Project/Verilog--Vending machine/Å—ÊéÂ/New folder/Gate_Level_FSM\vivado.jou
#-----------------------------------------------------------
start_guopopen_wave_database {C:\Users\kingpc\Desktop\Project\Verilog--Vending machine\Å—ÊéÂ\New folder\Gate_Level_FSM\Gate_Level_FSM_Test_isim_beh.wdb}
